Microsoft (R) Macro Assembler Version 6.11		    06/10/19 07:41:53
psim7.asm						     Page 1 - 1


				.model large
				.stack 32
 0000				.data
 0000  000A [				a db 10 dup(?)
        00
       ]
 000A 0000				temp1 dw ?
				

 0000				.data?
 0000  000A [				b db 10 dup(?)
        00
       ]
 000A 0000				temp2 dw ?
 0000				.code first
 0000					main proc far
						;assume cs:cseg1,ds:dseg1,ss:sseg
 0000  B8 ---- R				mov ax,@data
 0003  8E D8					mov ds,ax		
 0005  9A ---- 0000 R				call shifter
 000A  B8 4C00					mov ax,4c00h
 000D  CD 21					int 21h
 000F					main endp

 0000				.code second
 0000					shifter proc far
 0000  33 FF					xor di,di
 0002  33 DB					xor bx,bx
 0004  B9 0005					mov cx,5
 0007  8B F1				lbl:	mov si,cx
 0009  53					push bx
 000A  BB 0009					mov bx,9
 000D  2B DF					sub bx,di
 000F  8A 07					mov al,[bx]
 0011  8A 67 FF					mov ah,[bx-1]
 0014  8A D4					mov dl,ah
 0016  B1 04					mov cl,4
 0018  D3 E0					shl ax,cl
 001A  89 1E 000A R				mov [temp1],bx
 001E  5B					pop bx
 001F  0A C3					or al,bl
 0021  8B 1E 000A R				mov bx,temp1
 0025  88 07					mov [bx],al
 0027  88 67 FF					mov [bx-1],ah
 002A  8A DA					mov bl,dl
 002C  D2 EB					shr bl,cl
 002E  83 C7 02					add di,2
 0031  8B CE					mov cx,si
 0033  E2 D2					loop lbl
 0035  CB					ret
 0036					shifter endp
				end main



Microsoft (R) Macro Assembler Version 6.11		    06/10/19 07:41:53
psim7.asm						     Symbols 2 - 1




Segments and Groups:

                N a m e                 Size     Length   Align   Combine Class

DGROUP . . . . . . . . . . . . .	GROUP
_DATA  . . . . . . . . . . . . .	16 Bit	 000C	  Word	  Public  'DATA'	
STACK  . . . . . . . . . . . . .	16 Bit	 0020	  Para	  Stack	  'STACK'	 
_BSS . . . . . . . . . . . . . .	16 Bit	 000C	  Word	  Public  'BSS'  
PSIM7_TEXT . . . . . . . . . . .	16 Bit	 0000	  Word	  Public  'CODE'	
first  . . . . . . . . . . . . .	16 Bit	 000F	  Word	  Public  'CODE'	
second . . . . . . . . . . . . .	16 Bit	 0036	  Word	  Public  'CODE'	


Procedures,  parameters and locals:

                N a m e                 Type     Value    Attr

main . . . . . . . . . . . . . .	P Far	 0000	  first	Length= 000F Private
shifter  . . . . . . . . . . . .	P Far	 0000	  second	Length= 0036 Private


Symbols:

                N a m e                 Type     Value    Attr

@CodeSize  . . . . . . . . . . .	Number	 0001h	 
@DataSize  . . . . . . . . . . .	Number	 0001h	 
@Interface . . . . . . . . . . .	Number	 0000h	 
@Model . . . . . . . . . . . . .	Number	 0005h	 
@code  . . . . . . . . . . . . .	Text   	 second
@data  . . . . . . . . . . . . .	Text   	 DGROUP
@fardata?  . . . . . . . . . . .	Text   	 FAR_BSS
@fardata . . . . . . . . . . . .	Text   	 FAR_DATA
@stack . . . . . . . . . . . . .	Text   	 DGROUP
a  . . . . . . . . . . . . . . .	Byte	 0000	  _DATA	
b  . . . . . . . . . . . . . . .	Byte	 0000	  _BSS	
lbl  . . . . . . . . . . . . . .	L Near	 0007	  second	
temp1  . . . . . . . . . . . . .	Word	 000A	  _DATA	
temp2  . . . . . . . . . . . . .	Word	 000A	  _BSS	

	   0 Warnings
	   0 Errors
