Microsoft (R) Macro Assembler Version 6.11		    06/09/19 11:13:52
p7.asm							     Page 1 - 1


 0000				sseg segment 'stack'
 0000  0020 [				db 32 dup(?)
        00
       ]
 0020				sseg ends
 0000				dseg1 segment 'data'
 0000  000A [				a db 10 dup(?)
        00
       ]
 000A 0000				temp1 dw ?
				
				
 000C				dseg1 ends
 0000				dseg2 segment 'data'
 0000  000A [				b db 10 dup(?)
        00
       ]
 000A 0000				temp2 dw ?
 000C				dseg2 ends
 0000				cseg1 segment 'code'
 0000					main proc far
						assume cs:cseg1,ds:dseg1,ss:sseg
 0000  B8 ---- R				mov ax,dseg1
 0003  8E D8					mov ds,ax		
 0005  9A ---- 0000 R				call shifter
 000A  B8 4C00					mov ax,4c00h
 000D  CD 21					int 21h
 000F					main endp
 000F				cseg1 ends
 0000				cseg2 segment 'code'
 0000					shifter proc far
 0000  33 FF					xor di,di
 0002  33 DB					xor bx,bx
 0004  B9 0005					mov cx,5
 0007  8B F1				lbl:	mov si,cx
 0009  53					push bx
 000A  BB 0009					mov bx,9
 000D  2B DF					sub bx,di
 000F  8A 07					mov al,[bx]
 0011  8A 67 FF					mov ah,[bx-1]
 0014  8A D4					mov dl,ah
 0016  B1 04					mov cl,4
 0018  D3 E0					shl ax,cl
 001A  89 1E 000A R				mov [temp1],bx
 001E  5B					pop bx
 001F  0A C3					or al,bl
 0021  8B 1E 000A R				mov bx,temp1
 0025  88 07					mov [bx],al
 0027  88 67 FF					mov [bx-1],ah
 002A  8A DA					mov bl,dl
 002C  D2 EB					shr bl,cl
 002E  83 C7 02					add di,2
 0031  8B CE					mov cx,si
 0033  E2 D2					loop lbl
 0035  CB					ret
 0036					shifter endp
 0036				cseg2 ends
				end main



Microsoft (R) Macro Assembler Version 6.11		    06/09/19 11:13:52
p7.asm							     Symbols 2 - 1




Segments and Groups:

                N a m e                 Size     Length   Align   Combine Class

cseg1  . . . . . . . . . . . . .	16 Bit	 000F	  Para	  Private 'CODE'	
cseg2  . . . . . . . . . . . . .	16 Bit	 0036	  Para	  Private 'CODE'	
dseg1  . . . . . . . . . . . . .	16 Bit	 000C	  Para	  Private 'DATA'	
dseg2  . . . . . . . . . . . . .	16 Bit	 000C	  Para	  Private 'DATA'	
sseg . . . . . . . . . . . . . .	16 Bit	 0020	  Para	  Private 'STACK'	 


Procedures,  parameters and locals:

                N a m e                 Type     Value    Attr

main . . . . . . . . . . . . . .	P Far	 0000	  cseg1	Length= 000F Private
shifter  . . . . . . . . . . . .	P Far	 0000	  cseg2	Length= 0036 Private


Symbols:

                N a m e                 Type     Value    Attr

a  . . . . . . . . . . . . . . .	Byte	 0000	  dseg1	
b  . . . . . . . . . . . . . . .	Byte	 0000	  dseg2	
lbl  . . . . . . . . . . . . . .	L Near	 0007	  cseg2	
temp1  . . . . . . . . . . . . .	Word	 000A	  dseg1	
temp2  . . . . . . . . . . . . .	Word	 000A	  dseg2	

	   0 Warnings
	   0 Errors
