Microsoft (R) Macro Assembler Version 6.11		    06/10/19 07:35:46
psim5.asm						     Page 1 - 1


				.model small
 0000				.code
						;assume cs:codesg, ss:codesg, ds:codesg
						org 100h
 0100  E9 0200				main:	jmp  prog1		
 0103  0200 [					a db 512 dup(?)
        00
       ]
 0303					prog1 proc near
 0303  33 FF					xor di,di
 0305  BB 0100					mov bx,0100h
 0308  8A 07				lbl3:	mov al,[bx]
 030A  3C 2E					cmp al,002eh
 030C  75 03					jnz lbl
 030E  BF 0001					mov di,0001h
 0311  83 FF 01				lbl:	cmp di,0001h
 0314  75 0C					jnz lbl2
 0316  3C 61					cmp al,61h
 0318  72 08					jb  lbl2
 031A  3C 7A					cmp al,7ah
 031C  77 04					ja  lbl2
 031E  2C 20					sub al,20h
 0320  88 07					mov [bx],al
 0322  43				lbl2:	inc bx
 0323  81 FB 0200				cmp bx,0200h
 0327  76 DF					jbe lbl3
 0329  B8 4C00					mov ax,4c00h
 032C  CD 21					int 21h
 032E					prog1 endp
				end main
Microsoft (R) Macro Assembler Version 6.11		    06/10/19 07:35:46
psim5.asm						     Symbols 2 - 1




Segments and Groups:

                N a m e                 Size     Length   Align   Combine Class

DGROUP . . . . . . . . . . . . .	GROUP
_DATA  . . . . . . . . . . . . .	16 Bit	 0000	  Word	  Public  'DATA'	
_TEXT  . . . . . . . . . . . . .	16 Bit	 032E	  Word	  Public  'CODE'	


Procedures,  parameters and locals:

                N a m e                 Type     Value    Attr

prog1  . . . . . . . . . . . . .	P Near	 0303	  _TEXT	Length= 002B Private


Symbols:

                N a m e                 Type     Value    Attr

@CodeSize  . . . . . . . . . . .	Number	 0000h	 
@DataSize  . . . . . . . . . . .	Number	 0000h	 
@Interface . . . . . . . . . . .	Number	 0000h	 
@Model . . . . . . . . . . . . .	Number	 0002h	 
@code  . . . . . . . . . . . . .	Text   	 _TEXT
@data  . . . . . . . . . . . . .	Text   	 DGROUP
@fardata?  . . . . . . . . . . .	Text   	 FAR_BSS
@fardata . . . . . . . . . . . .	Text   	 FAR_DATA
@stack . . . . . . . . . . . . .	Text   	 DGROUP
a  . . . . . . . . . . . . . . .	Byte	 0103	  _TEXT	
lbl2 . . . . . . . . . . . . . .	L Near	 0322	  _TEXT	
lbl3 . . . . . . . . . . . . . .	L Near	 0308	  _TEXT	
lbl  . . . . . . . . . . . . . .	L Near	 0311	  _TEXT	
main . . . . . . . . . . . . . .	L Near	 0100	  _TEXT	

	   0 Warnings
	   0 Errors
