Microsoft (R) Macro Assembler Version 6.11		    06/02/19 09:58:03
p2.asm							     Page 1 - 1


 0000				stackseg segment 'stack'
 0000  0020 [					dw 32 dup(?)
        0000
       ]
 0040				stackseg ends
 0000				dataseg segment 'data'
 0000  0100 [				nouse db 256 dup(?)
        00
       ]
 0100  0100 [				a db 256 dup(?)
        00
       ]
 0200  0100 [				nouse2 db 256 dup(?)
        00
       ]
 0300  0020 [				b db 32 dup(?) 	
        00
       ]
 0320				dataseg ends
 0000				codeseg segment 'code'
 0000					main proc FAR
						assume ds:dataseg, ss:stackseg, cs:codeseg
 0000  B8 ---- R				mov ax,dataseg
 0003  8E D8					mov ds,ax
 0005  BF 00FF					mov di,00ffh
 0008  B9 0100					mov cx,0100h
 000B  BA 0300					mov dx,0300h
 000E  8B D9				start:	mov bx,cx
 0010  8A 07					mov al,[bx]
 0012  8B DA					mov bx,dx
 0014  3A 07					cmp al,[bx]
 0016  75 11					jnz lbl
 0018  42					inc dx
 0019  81 FF 00FF				cmp di,00ffh
 001D  74 02					jz lbl3
 001F  EB 0E					jmp lbl2
 0021  8B F9				lbl3:	mov di,cx
 0023  81 EF 0100				sub di,0100h
 0027  EB 06					jmp lbl2
 0029  BA 0300				lbl:	mov dx,300h
 002C  BF 00FF					mov di,00ffh
 002F  41				lbl2:	inc cx
 0030  81 FA 0321				cmp dx,0321h
 0034  74 08					jz end1
 0036  81 F9 0201				cmp cx,0201h
 003A  74 02					jz end1
 003C  EB D0					jmp start
 003E  8B C7				end1:	mov ax,di
 0040  B8 4C00					mov ax,4c00h
 0043  CD 21					int 21h
 0045					main endp
 0045				codeseg ends
					end main
Microsoft (R) Macro Assembler Version 6.11		    06/02/19 09:58:03
p2.asm							     Symbols 2 - 1




Segments and Groups:

                N a m e                 Size     Length   Align   Combine Class

codeseg  . . . . . . . . . . . .	16 Bit	 0045	  Para	  Private 'CODE'	
dataseg  . . . . . . . . . . . .	16 Bit	 0320	  Para	  Private 'DATA'	
stackseg . . . . . . . . . . . .	16 Bit	 0040	  Para	  Private 'STACK'	 


Procedures,  parameters and locals:

                N a m e                 Type     Value    Attr

main . . . . . . . . . . . . . .	P Far	 0000	  codeseg	Length= 0045 Private


Symbols:

                N a m e                 Type     Value    Attr

a  . . . . . . . . . . . . . . .	Byte	 0100	  dataseg	
b  . . . . . . . . . . . . . . .	Byte	 0300	  dataseg	
end1 . . . . . . . . . . . . . .	L Near	 003E	  codeseg	
lbl2 . . . . . . . . . . . . . .	L Near	 002F	  codeseg	
lbl3 . . . . . . . . . . . . . .	L Near	 0021	  codeseg	
lbl  . . . . . . . . . . . . . .	L Near	 0029	  codeseg	
nouse2 . . . . . . . . . . . . .	Byte	 0200	  dataseg	
nouse  . . . . . . . . . . . . .	Byte	 0000	  dataseg	
start  . . . . . . . . . . . . .	L Near	 000E	  codeseg	

	   0 Warnings
	   0 Errors
