Microsoft (R) Macro Assembler Version 6.11		    06/09/19 15:33:57
psim1.asm						     Page 1 - 1


				.model small
 0000				.code
					org 100h
 0100  EB 07				main:	jmp  prog1		
 0102 0000					n1 dw ?
 0104 00					n2 db ?
 0105 0000					n3 dw ?
 0107 0000					n4 dw ?			
 0109					prog1 proc near
 0109  32 E4					xor ah,ah
 010B  8B F0					mov si,ax
 010D  D1 E6					shl si,1
 010F  03 F0					add si,ax
 0111  2E: A2 0104 R				mov n2,al
 0115  F7 E0					mul ax
 0117  2E: A3 0102 R				mov n1,ax
 011B  D1 E0					shl ax,1
 011D  8B D8					mov bx,ax
 011F  2B DE					sub bx,si
 0121  83 C3 06					add bx,6
 0124  33 FF					xor di,di
 0126  D1 E0					shl ax,1
 0128  D1 D7					rcl di,1
 012A  8B C8					mov cx,ax
 012C  8B F7					mov si,di
 012E  2E: 8A 16 0104 R				mov dl,n2
 0133  32 F6					xor dh,dh
 0135  F7 E2					mul dx
 0137  2E: 89 16 0105 R				mov n3,dx
 013C  2E: A3 0107 R				mov n4,ax
 0140  2E: A0 0104 R				mov al,n2
 0144  32 E4					xor ah,ah
 0146  F7 E7					mul di
 0148  2E: 01 06 0105 R				add n3,ax
 014D  2E: A1 0102 R				mov ax,n1
 0151  03 C1					add ax,cx
 0153  73 03					jnc lbl
 0155  83 C6 01					add si,1
 0158  2E: 8B 3E 0105 R			  lbl:  mov di,n3
 015D  2E: 8B 0E 0107 R				mov cx,n4
 0162  2B C8					sub cx,ax
 0164  1B FE					sbb di,si
 0166  B8 000C					mov ax,000ch
 0169  33 F6					xor si,si
 016B  2B C8					sub cx,ax
 016D  1B FE					sbb di,si
 016F  8B D7					mov dx,di
 0171  8B C1					mov ax,cx
 0173  F7 F3					div bx
 0175  8B D8					mov bx,ax
 0177  B8 4C00					mov ax,4c00h
 017A  CD 21					int 21h
 017C					prog1 endp
				end main
Microsoft (R) Macro Assembler Version 6.11		    06/09/19 15:33:57
psim1.asm						     Symbols 2 - 1




Segments and Groups:

                N a m e                 Size     Length   Align   Combine Class

DGROUP . . . . . . . . . . . . .	GROUP
_DATA  . . . . . . . . . . . . .	16 Bit	 0000	  Word	  Public  'DATA'	
_TEXT  . . . . . . . . . . . . .	16 Bit	 017C	  Word	  Public  'CODE'	


Procedures,  parameters and locals:

                N a m e                 Type     Value    Attr

prog1  . . . . . . . . . . . . .	P Near	 0109	  _TEXT	Length= 0073 Private


Symbols:

                N a m e                 Type     Value    Attr

@CodeSize  . . . . . . . . . . .	Number	 0000h	 
@DataSize  . . . . . . . . . . .	Number	 0000h	 
@Interface . . . . . . . . . . .	Number	 0000h	 
@Model . . . . . . . . . . . . .	Number	 0002h	 
@code  . . . . . . . . . . . . .	Text   	 _TEXT
@data  . . . . . . . . . . . . .	Text   	 DGROUP
@fardata?  . . . . . . . . . . .	Text   	 FAR_BSS
@fardata . . . . . . . . . . . .	Text   	 FAR_DATA
@stack . . . . . . . . . . . . .	Text   	 DGROUP
lbl  . . . . . . . . . . . . . .	L Near	 0158	  _TEXT	
main . . . . . . . . . . . . . .	L Near	 0100	  _TEXT	
n1 . . . . . . . . . . . . . . .	Word	 0102	  _TEXT	
n2 . . . . . . . . . . . . . . .	Byte	 0104	  _TEXT	
n3 . . . . . . . . . . . . . . .	Word	 0105	  _TEXT	
n4 . . . . . . . . . . . . . . .	Word	 0107	  _TEXT	

	   0 Warnings
	   0 Errors
